// Jest Snapshot v1, https://goo.gl/fbAQLP

exports[`HeaderBackModalButton renders without crashing 1`] = `null`;
