// Jest Snapshot v1, https://goo.gl/fbAQLP

exports[`HeaderCloseModalButton renders without crashing 1`] = `null`;
