// Jest Snapshot v1, https://goo.gl/fbAQLP

exports[`TabBarItem should match snapshot 1`] = `
<View
  style={
    {
      "alignItems": "center",
      "flex": 1,
      "gap": 4,
    }
  }
>
  <ViewManagerAdapter_ExpoImage
    cachePolicy="memory-disk"
    containerViewRef={"[React.ref]"}
    contentFit="cover"
    contentPosition={
      {
        "left": "50%",
        "top": "50%",
      }
    }
    height={26}
    nativeViewRef={"[React.ref]"}
    onError={[Function]}
    onLoad={[Function]}
    onLoadStart={[Function]}
    onProgress={[Function]}
    placeholder={[]}
    source={
      [
        {
          "__packager_asset": true,
          "height": 1,
          "scale": 1,
          "uri": "file://assets/full/path/to/directory/name.type",
          "width": 1,
        },
      ]
    }
    style={
      {
        "height": 26,
        "width": 26,
      }
    }
    tintColor={4294901760}
    transition={null}
    width={26}
  />
  <RNCMaskedView>
    <View
      pointerEvents="none"
      style={
        {
          "bottom": 0,
          "left": 0,
          "position": "absolute",
          "right": 0,
          "top": 0,
        }
      }
    >
      <Text
        style={
          [
            {
              "fontSize": 16,
            },
            {},
            {
              "fontFamily": "Montserrat-Medium",
              "fontSize": 12,
              "lineHeight": 20,
            },
            {
              "fontFamily": "Montserrat-SemiBold",
            },
            {},
            {},
            {
              "textAlign": "auto",
            },
            {
              "fontSize": 10,
            },
            {},
          ]
        }
      >
        Explore
      </Text>
    </View>
    <ViewManagerAdapter_ExpoLinearGradient
      colors={
        [
          4293271117,
          4293074015,
          4292281446,
        ]
      }
      endPoint={
        [
          1,
          0.5,
        ]
      }
      locations={
        [
          0,
          0.5,
          1,
        ]
      }
      startPoint={
        [
          0,
          0.5,
        ]
      }
    >
      <Text
        style={
          [
            [
              {
                "fontSize": 16,
              },
              {},
              {
                "fontFamily": "Montserrat-Medium",
                "fontSize": 12,
                "lineHeight": 20,
              },
              {
                "fontFamily": "Montserrat-SemiBold",
              },
              {},
              {},
              {
                "textAlign": "auto",
              },
              {
                "fontSize": 10,
              },
              {},
            ],
            {
              "opacity": 0,
            },
          ]
        }
      >
        Explore
      </Text>
    </ViewManagerAdapter_ExpoLinearGradient>
  </RNCMaskedView>
</View>
`;
